// Jest Snapshot v1, https://goo.gl/fbAQLP

exports[`routes/FAQs/components/FAQs should render the FAQs page 1`] = `
<PageWrapper
  title="FAQs"
>
  <div
    className="faqs"
  >
    <MediaQuery
      maxWidth={639}
      values={Object {}}
    >
      <StateManager
        className="faqs__questions-dropdown"
        defaultInputValue=""
        defaultMenuIsOpen={false}
        defaultValue={null}
        onChange={[Function]}
        options={
          Array [
            Object {
              "label": "foobar",
              "value": Object {
                "content": "My faq answer",
                "id": 1,
                "title": "foobar",
              },
            },
            Object {
              "label": "foobar2",
              "value": Object {
                "content": "My faq answer 2",
                "id": 2,
                "title": "foobar2",
              },
            },
          ]
        }
        value={
          Object {
            "label": "foobar",
            "value": Object {
              "content": "My faq answer",
              "id": 1,
              "title": "foobar",
            },
          }
        }
      />
    </MediaQuery>
    <div
      className="faqs__content"
    >
      <MediaQuery
        minWidth={640}
        values={Object {}}
      >
        <h2
          className="faqs__content__title"
        >
          foobar
        </h2>
      </MediaQuery>
      <p />
    </div>
    <MediaQuery
      minWidth={640}
      values={Object {}}
    >
      <div
        className="faqs__questions"
      >
        <p
          key="1"
        >
          foobar
        </p>
        <Link
          key="2"
          onClick={[Function]}
          replace={false}
          to="faqs#foobar2"
        >
          foobar2
        </Link>
      </div>
    </MediaQuery>
  </div>
</PageWrapper>
`;
